#-----------------------------------------------------------
# Vivado v2022.2 (64-bit)
# SW Build 3671981 on Fri Oct 14 05:00:03 MDT 2022
# IP Build 3669848 on Fri Oct 14 08:30:02 MDT 2022
# Start of session at: Fri Dec 30 21:45:31 2022
# Process ID: 8388
# Current directory: E:/CPU_VHDL/basicComponents
# Command line: vivado.exe -gui_launcher_event rodinguilauncherevent8276 E:\CPU_VHDL\basicComponents\basicComponents.xpr
# Log file: E:/CPU_VHDL/basicComponents/vivado.log
# Journal file: E:/CPU_VHDL/basicComponents\vivado.jou
# Running On: DESKTOP-LF08RO1, OS: Windows, CPU Frequency: 3493 MHz, CPU Physical cores: 8, Host memory: 17112 MB
#-----------------------------------------------------------
start_gui
open_project E:/CPU_VHDL/basicComponents/basicComponents.xpr
update_compile_order -fileset sources_1
add_files -norecurse {E:/CPU_VHDL/basicComponents/basicComponents.srcs/sources_1/new/twoBitComparator.vhd E:/CPU_VHDL/basicComponents/basicComponents.srcs/sources_1/new/dFlipFlop.vhd}
update_compile_order -fileset sources_1
close [ open E:/CPU_VHDL/basicComponents/basicComponents.srcs/sources_1/new/halfAdder.vhd w ]
add_files E:/CPU_VHDL/basicComponents/basicComponents.srcs/sources_1/new/halfAdder.vhd
close [ open E:/CPU_VHDL/basicComponents/basicComponents.srcs/sources_1/new/fullAdder.vhd w ]
add_files E:/CPU_VHDL/basicComponents/basicComponents.srcs/sources_1/new/fullAdder.vhd
update_compile_order -fileset sources_1
